eeschema (2011-07-08 BZR 3044)-stable  >> Creation date: 27/01/2014 18:55:42

#Cmp ( order = Reference )
| C1         1u          
| D1         1n914       
| D2         1n914       
| D3         1n914       
| D4         1n914       
| D5         1n914       
| D6         1n914       
| D7         1n914       
| D8         1n914       
| D9         1n914       
| D10        1n914       
| D11        1n914       
| D12        1n914       
| D13        1n914       
| D14        1n914       
| D15        1n914       
| D16        1n914       
| D17        1n914       
| D18        1n914       
| D19        1n914       
| D20        1n914       
| D21        1n914       
| D22        1n914       
| D23        1n914       
| D24        1n914       
| D25        1n914       
| D26        1n914       
| D27        1n914       
| D28        1n914       
| D29        1n914       
| D30        1n914       
| D31        1n914       
| D32        1n914       
| D33        1n914       
| D34        1n914       
| D35        1n914       
| D36        1n914       
| D37        1n914       
| D38        1n914       
| D39        1n914       
| D40        1n914       
| D41        1n914       
| D42        1n914       
| D43        1n914       
| D44        1n914       
| D45        1n914       
| D46        1n914       
| D47        1n914       
| D48        1n914       
| D49        1n914       
| P1         KBD_6       
| R1         10K         
| R2         10K         
| R3         4K7         
| R4         4K7         
| SW1        MX          
| SW2        MX          
| SW3        MX          
| SW4        MX          
| SW5        MX          
| SW6        MX          
| SW7        MX          
| SW8        MX          
| SW9        MX          
| SW10       MX          
| SW11       MX          
| SW12       MX          
| SW13       MX          
| SW14       MX          
| SW15       MX          
| SW16       MX          
| SW17       MX          
| SW18       MX          
| SW19       MX          
| SW20       MX          
| SW21       MX          
| SW22       MX          
| SW23       MX          
| SW24       MX          
| SW25       MX          
| SW26       MX          
| SW27       MX          
| SW28       MX          
| SW29       MX          
| SW30       MX          
| SW31       MX          
| SW32       MX          
| SW33       MX          
| SW34       MX          
| SW35       MX          
| SW36       MX          
| SW37       MX          
| SW38       MX          
| SW39       MX          
| SW40       MX          
| SW41       MX          
| SW42       MX          
| SW43       MX          
| SW44       MX          
| SW45       MX          
| SW46       MX          
| SW47       MX          
| SW48       MX          
| SW49       MX          
| U1         TCA8418     
#End Cmp

#Cmp ( order = Value )
| 10K          R1        
| 10K          R2        
| 1n914        D1        
| 1n914        D2        
| 1n914        D3        
| 1n914        D4        
| 1n914        D5        
| 1n914        D6        
| 1n914        D7        
| 1n914        D8        
| 1n914        D9        
| 1n914        D10       
| 1n914        D11       
| 1n914        D12       
| 1n914        D13       
| 1n914        D14       
| 1n914        D15       
| 1n914        D16       
| 1n914        D17       
| 1n914        D18       
| 1n914        D19       
| 1n914        D20       
| 1n914        D21       
| 1n914        D22       
| 1n914        D23       
| 1n914        D24       
| 1n914        D25       
| 1n914        D26       
| 1n914        D27       
| 1n914        D28       
| 1n914        D29       
| 1n914        D30       
| 1n914        D31       
| 1n914        D32       
| 1n914        D33       
| 1n914        D34       
| 1n914        D35       
| 1n914        D36       
| 1n914        D37       
| 1n914        D38       
| 1n914        D39       
| 1n914        D40       
| 1n914        D41       
| 1n914        D42       
| 1n914        D43       
| 1n914        D44       
| 1n914        D45       
| 1n914        D46       
| 1n914        D47       
| 1n914        D48       
| 1n914        D49       
| 1u           C1        
| 4K7          R3        
| 4K7          R4        
| KBD_6        P1        
| MX           SW1       
| MX           SW2       
| MX           SW3       
| MX           SW4       
| MX           SW5       
| MX           SW6       
| MX           SW7       
| MX           SW8       
| MX           SW9       
| MX           SW10      
| MX           SW11      
| MX           SW12      
| MX           SW13      
| MX           SW14      
| MX           SW15      
| MX           SW16      
| MX           SW17      
| MX           SW18      
| MX           SW19      
| MX           SW20      
| MX           SW21      
| MX           SW22      
| MX           SW23      
| MX           SW24      
| MX           SW25      
| MX           SW26      
| MX           SW27      
| MX           SW28      
| MX           SW29      
| MX           SW30      
| MX           SW31      
| MX           SW32      
| MX           SW33      
| MX           SW34      
| MX           SW35      
| MX           SW36      
| MX           SW37      
| MX           SW38      
| MX           SW39      
| MX           SW40      
| MX           SW41      
| MX           SW42      
| MX           SW43      
| MX           SW44      
| MX           SW45      
| MX           SW46      
| MX           SW47      
| MX           SW48      
| MX           SW49      
| TCA8418      U1        
#End Cmp

#End List
